change3214
change3214
change3214
change3214
change3214
change3214
change3214
change3214
change3214
change3214
change3214
change3214
change3214
change3214
change3214
change3214
change3214
change3214
change3214
change3214
change3214
